{
  "FirstName": "FirstName is not available.",
  "LastName": "LastName is not available.",
  "Age": "Age is not available.",
  "Address": {
    "Street": "Street is not available.",
    "City": "City is not available."
  }
}