{
  "ID": 1,
  "Children": [
    {
      "ID": 2,
      "Children": [
        {
          "ID": 3,
          "Children": []
        }
      ]
    }
  ]
}