{
  "ProductID1": "@@productid#1",
  "ProductID2": "@@productid#2",
  "ProductID3": "@@productid#1"
}