{
  "List": [
    "One",
    "Two",
    "Three"
  ],
  "Array": [
    1,
    2,
    3
  ],
  "Set": [
    1,
    2,
    3
  ]
}