{
  "ProductID": "<ProductID>",
  "Name": "Product Name"
}