{
  "FirstName": "John",
  "LastName": "Doe",
  "Age": 42
}