{
  "FirstName": "Jane",
  "LastName": "Doe",
  "Age": 50
}