{
  "ProductID": "@@productid",
  "Price": "@@price",
  "Name": "@@name"
}