{
  "ProductID1": "@@productID",
  "ProductID2": "@@productID",
  "ProductID3": "@@productID",
}